
> hashimoto-pcos@0.1.0 test:run
> vitest run


 RUN  v4.1.2 C:/Users/Christian/Documents/Projekte/hashimoto-pcos/.worktrees/feat-issue-49-user-profile


 Test Files  9 passed (9)
      Tests  112 passed (112)
   Start at  12:35:49
   Duration  4.16s (transform 683ms, setup 0ms, import 1.14s, tests 140ms, environment 16.85s)

