
> hashimoto-pcos@0.1.0 test:run
> vitest run


 RUN  v4.1.2 C:/Users/Christian/Documents/Projekte/hashimoto-pcos/.worktrees/feat-issue-49-user-profile


 Test Files  10 passed (10)
      Tests  146 passed (146)
   Start at  16:25:57
   Duration  4.10s (transform 784ms, setup 0ms, import 1.38s, tests 217ms, environment 17.06s)

